785babe (HEAD -> master) First method test ready!
32a966a (origin/master) Setting up environment
